// Jest Snapshot v1, https://goo.gl/fbAQLP

exports[`NodeWrapper component Should renderWithTheme the component and match snapshot. 1`] = `
<div>
  <div
    data-testid="node-wrapper"
  >
    <div />
  </div>
  ,
</div>
`;
